
2026/05/02, 18:49:13 - ERROR: Download of “https://backend.leadconnectorhq.com”, referred from “/Users/osandmac/Downloads/us.sitesucker.mac.sitesucker/diabeticathletic.com/index.html”, failed with error code 404 (not found)
2026/05/02, 18:49:14 - ERROR: Download of “https://cdn.filesafe.space”, referred from “/Users/osandmac/Downloads/us.sitesucker.mac.sitesucker/diabeticathletic.com/index.html”, failed with error code 403 (forbidden)
2026/05/02, 18:49:19 - ERROR: Download of “https://services.leadconnectorhq.com”, referred from “/Users/osandmac/Downloads/us.sitesucker.mac.sitesucker/diabeticathletic.com/index.html”, failed with error code 404 (not found)
2026/05/02, 18:49:22 - ERROR: Download of “https://backend.leadconnectorhq.com”, referred from “/Users/osandmac/Downloads/us.sitesucker.mac.sitesucker/diabeticathletic.com/free-resources.html”, failed with error code 404 (not found)
2026/05/02, 18:49:22 - ERROR: Download of “https://cdn.filesafe.space”, referred from “/Users/osandmac/Downloads/us.sitesucker.mac.sitesucker/diabeticathletic.com/free-resources.html”, failed with error code 403 (forbidden)
2026/05/02, 18:49:22 - ERROR: Download of “https://services.leadconnectorhq.com”, referred from “/Users/osandmac/Downloads/us.sitesucker.mac.sitesucker/diabeticathletic.com/free-resources.html”, failed with error code 404 (not found)
2026/05/02, 18:49:24 - ERROR: Download of “https://backend.leadconnectorhq.com”, referred from “/Users/osandmac/Downloads/us.sitesucker.mac.sitesucker/diabeticathletic.com/challenge-page.html”, failed with error code 404 (not found)
2026/05/02, 18:49:24 - ERROR: Download of “https://cdn.filesafe.space”, referred from “/Users/osandmac/Downloads/us.sitesucker.mac.sitesucker/diabeticathletic.com/challenge-page.html”, failed with error code 403 (forbidden)
2026/05/02, 18:49:24 - ERROR: Download of “https://services.leadconnectorhq.com”, referred from “/Users/osandmac/Downloads/us.sitesucker.mac.sitesucker/diabeticathletic.com/challenge-page.html”, failed with error code 404 (not found)
2026/05/02, 18:49:37 - ERROR: Download of “https://backend.leadconnectorhq.com”, referred from “/Users/osandmac/Downloads/us.sitesucker.mac.sitesucker/diabeticathletic.com/cardio-optin.html”, failed with error code 404 (not found)
2026/05/02, 18:49:37 - ERROR: Download of “https://cdn.filesafe.space”, referred from “/Users/osandmac/Downloads/us.sitesucker.mac.sitesucker/diabeticathletic.com/cardio-optin.html”, failed with error code 403 (forbidden)
2026/05/02, 18:49:37 - ERROR: Download of “https://services.leadconnectorhq.com”, referred from “/Users/osandmac/Downloads/us.sitesucker.mac.sitesucker/diabeticathletic.com/cardio-optin.html”, failed with error code 404 (not found)
2026/05/02, 18:49:37 - ERROR: Download of “https://backend.leadconnectorhq.com”, referred from “/Users/osandmac/Downloads/us.sitesucker.mac.sitesucker/diabeticathletic.com/protein-calc-optin.html”, failed with error code 404 (not found)
2026/05/02, 18:49:37 - ERROR: Download of “https://cdn.filesafe.space”, referred from “/Users/osandmac/Downloads/us.sitesucker.mac.sitesucker/diabeticathletic.com/protein-calc-optin.html”, failed with error code 403 (forbidden)
2026/05/02, 18:49:38 - ERROR: Download of “https://services.leadconnectorhq.com”, referred from “/Users/osandmac/Downloads/us.sitesucker.mac.sitesucker/diabeticathletic.com/protein-calc-optin.html”, failed with error code 404 (not found)
2026/05/02, 18:49:38 - ERROR: Download of “https://backend.leadconnectorhq.com”, referred from “/Users/osandmac/Downloads/us.sitesucker.mac.sitesucker/diabeticathletic.com/insuline-optin.html”, failed with error code 404 (not found)
2026/05/02, 18:49:38 - ERROR: Download of “https://cdn.filesafe.space”, referred from “/Users/osandmac/Downloads/us.sitesucker.mac.sitesucker/diabeticathletic.com/insuline-optin.html”, failed with error code 403 (forbidden)
2026/05/02, 18:49:38 - ERROR: Download of “https://services.leadconnectorhq.com”, referred from “/Users/osandmac/Downloads/us.sitesucker.mac.sitesucker/diabeticathletic.com/insuline-optin.html”, failed with error code 404 (not found)
2026/05/02, 18:49:42 - ERROR: Download of “https://backend.leadconnectorhq.com”, referred from “/Users/osandmac/Downloads/us.sitesucker.mac.sitesucker/diabeticathletic.com/calorie-calculator.html”, failed with error code 404 (not found)
2026/05/02, 18:49:42 - ERROR: Download of “https://cdn.filesafe.space”, referred from “/Users/osandmac/Downloads/us.sitesucker.mac.sitesucker/diabeticathletic.com/calorie-calculator.html”, failed with error code 403 (forbidden)
2026/05/02, 18:49:42 - ERROR: Download of “https://services.leadconnectorhq.com”, referred from “/Users/osandmac/Downloads/us.sitesucker.mac.sitesucker/diabeticathletic.com/calorie-calculator.html”, failed with error code 404 (not found)

---------------------

2026/05/02, 18:51:01 - ERROR: Download of “https://backend.leadconnectorhq.com”, referred from “/Users/osandmac/Downloads/us.sitesucker.mac.sitesucker/diabeticathletic.com/challenge-page.html”, failed with error code 404 (not found)
2026/05/02, 18:51:01 - ERROR: Download of “https://backend.leadconnectorhq.com”, referred from “/Users/osandmac/Downloads/us.sitesucker.mac.sitesucker/diabeticathletic.com/free-resources.html”, failed with error code 404 (not found)
2026/05/02, 18:51:01 - ERROR: Download of “https://backend.leadconnectorhq.com”, referred from “/Users/osandmac/Downloads/us.sitesucker.mac.sitesucker/diabeticathletic.com/index.html”, failed with error code 404 (not found)
2026/05/02, 18:51:01 - ERROR: Download of “https://backend.leadconnectorhq.com”, referred from “/Users/osandmac/Downloads/us.sitesucker.mac.sitesucker/diabeticathletic.com/protein-calc-optin.html”, failed with error code 404 (not found)
2026/05/02, 18:51:01 - ERROR: Download of “https://backend.leadconnectorhq.com”, referred from “/Users/osandmac/Downloads/us.sitesucker.mac.sitesucker/diabeticathletic.com/insuline-optin.html”, failed with error code 404 (not found)
2026/05/02, 18:51:01 - ERROR: Download of “https://backend.leadconnectorhq.com”, referred from “/Users/osandmac/Downloads/us.sitesucker.mac.sitesucker/diabeticathletic.com/cardio-optin.html”, failed with error code 404 (not found)
2026/05/02, 18:51:01 - ERROR: Download of “https://backend.leadconnectorhq.com”, referred from “/Users/osandmac/Downloads/us.sitesucker.mac.sitesucker/diabeticathletic.com/calorie-calculator.html”, failed with error code 404 (not found)
2026/05/02, 18:51:01 - ERROR: Download of “https://cdn.filesafe.space”, referred from “/Users/osandmac/Downloads/us.sitesucker.mac.sitesucker/diabeticathletic.com/free-resources.html”, failed with error code 403 (forbidden)
2026/05/02, 18:51:01 - ERROR: Download of “https://cdn.filesafe.space”, referred from “/Users/osandmac/Downloads/us.sitesucker.mac.sitesucker/diabeticathletic.com/protein-calc-optin.html”, failed with error code 403 (forbidden)
2026/05/02, 18:51:01 - ERROR: Download of “https://cdn.filesafe.space”, referred from “/Users/osandmac/Downloads/us.sitesucker.mac.sitesucker/diabeticathletic.com/challenge-page.html”, failed with error code 403 (forbidden)
2026/05/02, 18:51:01 - ERROR: Download of “https://cdn.filesafe.space”, referred from “/Users/osandmac/Downloads/us.sitesucker.mac.sitesucker/diabeticathletic.com/insuline-optin.html”, failed with error code 403 (forbidden)
2026/05/02, 18:51:01 - ERROR: Download of “https://cdn.filesafe.space”, referred from “/Users/osandmac/Downloads/us.sitesucker.mac.sitesucker/diabeticathletic.com/index.html”, failed with error code 403 (forbidden)
2026/05/02, 18:51:01 - ERROR: Download of “https://cdn.filesafe.space”, referred from “/Users/osandmac/Downloads/us.sitesucker.mac.sitesucker/diabeticathletic.com/cardio-optin.html”, failed with error code 403 (forbidden)
2026/05/02, 18:51:01 - ERROR: Download of “https://cdn.filesafe.space”, referred from “/Users/osandmac/Downloads/us.sitesucker.mac.sitesucker/diabeticathletic.com/calorie-calculator.html”, failed with error code 403 (forbidden)
2026/05/02, 18:51:01 - ERROR: Download of “https://services.leadconnectorhq.com”, referred from “/Users/osandmac/Downloads/us.sitesucker.mac.sitesucker/diabeticathletic.com/free-resources.html”, failed with error code 404 (not found)
2026/05/02, 18:51:01 - ERROR: Download of “https://services.leadconnectorhq.com”, referred from “/Users/osandmac/Downloads/us.sitesucker.mac.sitesucker/diabeticathletic.com/protein-calc-optin.html”, failed with error code 404 (not found)
2026/05/02, 18:51:01 - ERROR: Download of “https://services.leadconnectorhq.com”, referred from “/Users/osandmac/Downloads/us.sitesucker.mac.sitesucker/diabeticathletic.com/challenge-page.html”, failed with error code 404 (not found)
2026/05/02, 18:51:01 - ERROR: Download of “https://services.leadconnectorhq.com”, referred from “/Users/osandmac/Downloads/us.sitesucker.mac.sitesucker/diabeticathletic.com/insuline-optin.html”, failed with error code 404 (not found)
2026/05/02, 18:51:01 - ERROR: Download of “https://services.leadconnectorhq.com”, referred from “/Users/osandmac/Downloads/us.sitesucker.mac.sitesucker/diabeticathletic.com/index.html”, failed with error code 404 (not found)
2026/05/02, 18:51:01 - ERROR: Download of “https://services.leadconnectorhq.com”, referred from “/Users/osandmac/Downloads/us.sitesucker.mac.sitesucker/diabeticathletic.com/cardio-optin.html”, failed with error code 404 (not found)
2026/05/02, 18:51:01 - ERROR: Download of “https://services.leadconnectorhq.com”, referred from “/Users/osandmac/Downloads/us.sitesucker.mac.sitesucker/diabeticathletic.com/calorie-calculator.html”, failed with error code 404 (not found)

---------------------
